<<<<<<< Updated upstream
[21164:18836:0427/113630.943:WARNING:chrome_main_delegate.cc(745)] This is Chrome version 128.0.6613.138 (not a warning)
[21164:6788:0427/113630.987:ERROR:google_update_settings.cc(265)] Failed opening key Software\Chromium to set usagestats; result: 5
[21164:18836:0427/113631.031:WARNING:account_consistency_mode_manager.cc(77)] Desktop Identity Consistency cannot be enabled as no OAuth client ID and client secret have been configured.
[21164:18836:0427/113634.519:WARNING:external_registry_loader_win.cc(232)] Error observing HKLM: 5
[17320:25408:0427/113635.293:ERROR:backend_impl.cc(989)] Critical error found -8
[17320:25408:0427/113635.293:ERROR:entry_impl.cc(1029)] No file for b2020028
[17320:25408:0427/113635.293:WARNING:storage_block-inl.h(138)] Failed data load.
[18632:20408:0427/113636.647:WARNING:frame_impl.cc(430)] virtual CefFrameImpl::SendProcessMessage sent to detached frame 5-9688C3741D23F0ED8DFF70521D524A2B will be ignored
[21164:18836:0427/114100.402:WARNING:pref_notifier_impl.cc(41)] Pref observer for media_router.cast_allow_all_ips found at shutdown.
=======
[21888:3776:0426/235416.433:WARNING:chrome_main_delegate.cc(745)] This is Chrome version 128.0.6613.138 (not a warning)
[21888:21216:0426/235416.478:ERROR:google_update_settings.cc(265)] Failed opening key Software\Chromium to set usagestats; result: 5
[21888:3776:0426/235416.504:WARNING:account_consistency_mode_manager.cc(77)] Desktop Identity Consistency cannot be enabled as no OAuth client ID and client secret have been configured.
[21888:3776:0426/235420.044:WARNING:external_registry_loader_win.cc(232)] Error observing HKLM: 5
[21888:20088:0426/235420.047:WARNING:leveldb_database.cc(141)] Unable to open C:\Users\Eric\Documents\GitHub\Woolheaven-3d\Woolheaven_3d\Saved\webcache_6613\Default\shared_proto_db\metadata: IO error: C:\Users\Eric\Documents\GitHub\Woolheaven-3d\Woolheaven_3d\Saved\webcache_6613\Default\shared_proto_db\metadata/MANIFEST-000001: Unable to create sequential file (ChromeMethodBFE: 7::NewSequentialFile::1)
[21888:20088:0426/235420.052:WARNING:leveldb_database.cc(141)] Unable to open C:\Users\Eric\Documents\GitHub\Woolheaven-3d\Woolheaven_3d\Saved\webcache_6613\Default\shared_proto_db\metadata: IO error: C:\Users\Eric\Documents\GitHub\Woolheaven-3d\Woolheaven_3d\Saved\webcache_6613\Default\shared_proto_db\metadata/MANIFEST-000001: Unable to create sequential file (ChromeMethodBFE: 7::NewSequentialFile::1)
[21888:20088:0426/235420.055:WARNING:leveldb_database.cc(141)] Unable to open C:\Users\Eric\Documents\GitHub\Woolheaven-3d\Woolheaven_3d\Saved\webcache_6613\Default\shared_proto_db\metadata: IO error: C:\Users\Eric\Documents\GitHub\Woolheaven-3d\Woolheaven_3d\Saved\webcache_6613\Default\shared_proto_db\metadata/MANIFEST-000001: Unable to create sequential file (ChromeMethodBFE: 7::NewSequentialFile::1)
[21888:20088:0426/235420.058:WARNING:leveldb_database.cc(141)] Unable to open C:\Users\Eric\Documents\GitHub\Woolheaven-3d\Woolheaven_3d\Saved\webcache_6613\Default\shared_proto_db\metadata: IO error: C:\Users\Eric\Documents\GitHub\Woolheaven-3d\Woolheaven_3d\Saved\webcache_6613\Default\shared_proto_db\metadata/MANIFEST-000001: Unable to create sequential file (ChromeMethodBFE: 7::NewSequentialFile::1)
[21888:21216:0426/235420.828:WARNING:value_store_frontend.cc(47)] Reading ahfgeienlihckogmohjhadlkjgocpleb.alarms from  failed: IO error: .../MANIFEST-000001: Unable to create sequential file (ChromeMethodBFE: 7::NewSequentialFile::1)
[21888:21216:0426/235420.831:WARNING:value_store_frontend.cc(47)] Reading mhjfbmdgcfjbbpaeojofohoefgiehjai.alarms from  failed: IO error: .../MANIFEST-000001: Unable to create sequential file (ChromeMethodBFE: 7::NewSequentialFile::1)
[23392:21772:0426/235421.603:WARNING:frame_impl.cc(430)] virtual CefFrameImpl::SendProcessMessage sent to detached frame 5-D67309E2B2EFC25B1DEA0873BFB03659 will be ignored
[21888:3140:0426/235422.088:WARNING:leveldb_database.cc(141)] Unable to open C:\Users\Eric\Documents\GitHub\Woolheaven-3d\Woolheaven_3d\Saved\webcache_6613\Default\GCM Store\Encryption: IO error: C:\Users\Eric\Documents\GitHub\Woolheaven-3d\Woolheaven_3d\Saved\webcache_6613\Default\GCM Store\Encryption/MANIFEST-000001: Unable to create sequential file (ChromeMethodBFE: 7::NewSequentialFile::1)
[21888:3776:0426/235422.284:ERROR:device_event_log_impl.cc(196)] [23:54:21.970] USB: usb_service_win.cc:105 SetupDiGetDeviceProperty({{A45C254E-DF1C-4EFD-8020-67D146A850E0}, 6}) failed: No se ha encontrado el elemento. (0x490)
[21888:3776:0426/235547.175:WARNING:sad_tab.cc(255)] Tab Killed: https://editor.unrealengine.com/
[21888:3776:0426/235547.477:ERROR:network_service_instance_impl.cc(608)] Network service crashed, restarting service.
[21888:3776:0426/235547.809:ERROR:gpu_process_host.cc(1007)] GPU process exited unexpectedly: exit_code=1073807364
[21888:3776:0426/235547.809:WARNING:gpu_process_host.cc(1441)] The GPU process has crashed 1 time(s)
[21888:3776:0426/235547.811:ERROR:network_service_instance_impl.cc(608)] Network service crashed, restarting service.
[21888:3776:0426/235548.150:ERROR:gpu_process_host.cc(1007)] GPU process exited unexpectedly: exit_code=-1073741205
[21888:3776:0426/235548.150:WARNING:gpu_process_host.cc(1441)] The GPU process has crashed 2 time(s)
[21888:3776:0426/235548.152:ERROR:network_service_instance_impl.cc(608)] Network service crashed, restarting service.
>>>>>>> Stashed changes
