[11036:8392:0518/113621.552:WARNING:chrome_main_delegate.cc(745)] This is Chrome version 128.0.6613.138 (not a warning)
[11036:21496:0518/113621.597:ERROR:google_update_settings.cc(265)] Failed opening key Software\Chromium to set usagestats; result: 5
[11036:8392:0518/113621.620:WARNING:account_consistency_mode_manager.cc(77)] Desktop Identity Consistency cannot be enabled as no OAuth client ID and client secret have been configured.
[11036:8392:0518/113622.657:WARNING:external_registry_loader_win.cc(232)] Error observing HKLM: 5
[11036:20828:0518/113623.814:WARNING:leveldb_database.cc(141)] Unable to open C:\Users\ericp\Documents\GitHub\Woolheaven-3d\Woolheaven_3d\Saved\webcache_6613\Default\shared_proto_db\metadata: IO error: C:\Users\ericp\Documents\GitHub\Woolheaven-3d\Woolheaven_3d\Saved\webcache_6613\Default\shared_proto_db\metadata/MANIFEST-000001: Unable to create sequential file (ChromeMethodBFE: 7::NewSequentialFile::1)
[11036:20828:0518/113623.833:WARNING:leveldb_database.cc(141)] Unable to open C:\Users\ericp\Documents\GitHub\Woolheaven-3d\Woolheaven_3d\Saved\webcache_6613\Default\shared_proto_db\metadata: IO error: C:\Users\ericp\Documents\GitHub\Woolheaven-3d\Woolheaven_3d\Saved\webcache_6613\Default\shared_proto_db\metadata/MANIFEST-000001: Unable to create sequential file (ChromeMethodBFE: 7::NewSequentialFile::1)
[11036:20828:0518/113623.846:WARNING:leveldb_database.cc(141)] Unable to open C:\Users\ericp\Documents\GitHub\Woolheaven-3d\Woolheaven_3d\Saved\webcache_6613\Default\shared_proto_db\metadata: IO error: C:\Users\ericp\Documents\GitHub\Woolheaven-3d\Woolheaven_3d\Saved\webcache_6613\Default\shared_proto_db\metadata/MANIFEST-000001: Unable to create sequential file (ChromeMethodBFE: 7::NewSequentialFile::1)
[11036:20828:0518/113623.855:WARNING:leveldb_database.cc(141)] Unable to open C:\Users\ericp\Documents\GitHub\Woolheaven-3d\Woolheaven_3d\Saved\webcache_6613\Default\shared_proto_db\metadata: IO error: C:\Users\ericp\Documents\GitHub\Woolheaven-3d\Woolheaven_3d\Saved\webcache_6613\Default\shared_proto_db\metadata/MANIFEST-000001: Unable to create sequential file (ChromeMethodBFE: 7::NewSequentialFile::1)
[11036:20828:0518/113624.217:WARNING:value_store_frontend.cc(47)] Reading ahfgeienlihckogmohjhadlkjgocpleb.alarms from  failed: IO error: .../MANIFEST-000001: Unable to create sequential file (ChromeMethodBFE: 7::NewSequentialFile::1)
[11036:20828:0518/113624.239:WARNING:value_store_frontend.cc(47)] Reading mhjfbmdgcfjbbpaeojofohoefgiehjai.alarms from  failed: IO error: .../MANIFEST-000001: Unable to create sequential file (ChromeMethodBFE: 7::NewSequentialFile::1)
[2172:29636:0518/113624.931:WARNING:frame_impl.cc(430)] virtual CefFrameImpl::SendProcessMessage sent to detached frame 5-F3101069FF1CEBB509B8595E00B0A77C will be ignored
[18392:21840:0518/113624.936:ERROR:rankings.cc(772)] Inconsistent LRU.
[18392:21840:0518/113624.936:ERROR:backend_impl.cc(989)] Critical error found -8
[18392:21840:0518/113624.936:WARNING:storage_block-inl.h(138)] Failed data load.
[18392:21840:0518/113624.936:WARNING:storage_block-inl.h(138)] Failed data load.
[18392:21840:0518/113624.936:ERROR:entry_impl.cc(1029)] No file for c1030012
[18392:21840:0518/113624.946:WARNING:storage_block-inl.h(138)] Failed data load.
[18392:21840:0518/113626.495:WARNING:storage_block-inl.h(138)] Failed data load.
[18392:21840:0518/113626.495:WARNING:storage_block-inl.h(138)] Failed data load.
[18392:21840:0518/113626.495:WARNING:storage_block-inl.h(138)] Failed data load.
[25456:18260:0518/113626.610:WARNING:frame_impl.cc(430)] virtual CefFrameImpl::SendProcessMessage sent to detached frame 6-C3AECA5E4230F49031C5ADE8F33F4AD0 will be ignored
[11036:23432:0518/113630.148:WARNING:leveldb_database.cc(141)] Unable to open C:\Users\ericp\Documents\GitHub\Woolheaven-3d\Woolheaven_3d\Saved\webcache_6613\Default\GCM Store\Encryption: IO error: C:\Users\ericp\Documents\GitHub\Woolheaven-3d\Woolheaven_3d\Saved\webcache_6613\Default\GCM Store\Encryption/MANIFEST-000001: Unable to create sequential file (ChromeMethodBFE: 7::NewSequentialFile::1)
[11036:8392:0518/114434.336:WARNING:page_discarding_helper.cc(138)] Discarding multiple pages with target (kb): 0
[11036:8392:0518/114454.652:WARNING:page_discarding_helper.cc(138)] Discarding multiple pages with target (kb): 0
[11036:8392:0518/114459.651:WARNING:page_discarding_helper.cc(138)] Discarding multiple pages with target (kb): 0
[11036:8392:0518/114855.148:WARNING:page_discarding_helper.cc(138)] Discarding multiple pages with target (kb): 0
[11036:8392:0518/114900.147:WARNING:page_discarding_helper.cc(138)] Discarding multiple pages with target (kb): 0
[11036:8392:0518/114910.184:WARNING:page_discarding_helper.cc(138)] Discarding multiple pages with target (kb): 0
[11036:8392:0518/114915.185:WARNING:page_discarding_helper.cc(138)] Discarding multiple pages with target (kb): 0
[11036:8392:0518/120207.801:WARNING:page_discarding_helper.cc(138)] Discarding multiple pages with target (kb): 0
[11036:8392:0518/120212.802:WARNING:page_discarding_helper.cc(138)] Discarding multiple pages with target (kb): 0
[21280:26704:0518/120951.910:WARNING:frame_impl.cc(430)] virtual CefFrameImpl::SendProcessMessage sent to detached frame 9-09260460D4BC843347745E0BFAF06F7C will be ignored
[11036:8392:0518/121150.383:WARNING:pref_notifier_impl.cc(41)] Pref observer for media_router.cast_allow_all_ips found at shutdown.
