[3556:22404:0424/120653.161:WARNING:chrome_main_delegate.cc(745)] This is Chrome version 128.0.6613.138 (not a warning)
[3556:22404:0424/120653.214:ERROR:os_crypt_win.cc(100)] Failed to decrypt: Clave no válida para utilizar en el estado especificado. (0x8009000B)
[3556:21564:0424/120653.279:ERROR:google_update_settings.cc(265)] Failed opening key Software\Chromium to set usagestats; result: 5
[3556:22404:0424/120653.331:WARNING:account_consistency_mode_manager.cc(77)] Desktop Identity Consistency cannot be enabled as no OAuth client ID and client secret have been configured.
[3556:10488:0424/120710.948:WARNING:leveldb_database.cc(141)] Unable to open C:\Users\Eric\Documents\GitHub\Woolheaven-3d\Woolheaven_3d\Saved\webcache_6613\Default\shared_proto_db\metadata: IO error: C:\Users\Eric\Documents\GitHub\Woolheaven-3d\Woolheaven_3d\Saved\webcache_6613\Default\shared_proto_db\metadata/MANIFEST-000001: Unable to create sequential file (ChromeMethodBFE: 7::NewSequentialFile::1)
[3556:10488:0424/120710.955:WARNING:leveldb_database.cc(141)] Unable to open C:\Users\Eric\Documents\GitHub\Woolheaven-3d\Woolheaven_3d\Saved\webcache_6613\Default\shared_proto_db\metadata: IO error: C:\Users\Eric\Documents\GitHub\Woolheaven-3d\Woolheaven_3d\Saved\webcache_6613\Default\shared_proto_db\metadata/MANIFEST-000001: Unable to create sequential file (ChromeMethodBFE: 7::NewSequentialFile::1)
[3556:10488:0424/120710.960:WARNING:leveldb_database.cc(141)] Unable to open C:\Users\Eric\Documents\GitHub\Woolheaven-3d\Woolheaven_3d\Saved\webcache_6613\Default\shared_proto_db\metadata: IO error: C:\Users\Eric\Documents\GitHub\Woolheaven-3d\Woolheaven_3d\Saved\webcache_6613\Default\shared_proto_db\metadata/MANIFEST-000001: Unable to create sequential file (ChromeMethodBFE: 7::NewSequentialFile::1)
[3556:10488:0424/120710.965:WARNING:leveldb_database.cc(141)] Unable to open C:\Users\Eric\Documents\GitHub\Woolheaven-3d\Woolheaven_3d\Saved\webcache_6613\Default\shared_proto_db\metadata: IO error: C:\Users\Eric\Documents\GitHub\Woolheaven-3d\Woolheaven_3d\Saved\webcache_6613\Default\shared_proto_db\metadata/MANIFEST-000001: Unable to create sequential file (ChromeMethodBFE: 7::NewSequentialFile::1)
[3556:22404:0424/120711.899:WARNING:external_registry_loader_win.cc(232)] Error observing HKLM: 5
[22892:22772:0424/120716.725:ERROR:backend_impl.cc(989)] Critical error found -8
[22892:22772:0424/120716.725:ERROR:entry_impl.cc(1029)] No file for b2020028
[22892:22772:0424/120716.726:WARNING:storage_block-inl.h(138)] Failed data load.
[3556:7088:0424/120716.746:WARNING:value_store_frontend.cc(47)] Reading ahfgeienlihckogmohjhadlkjgocpleb.alarms from  failed: IO error: .../MANIFEST-000001: Unable to create sequential file (ChromeMethodBFE: 7::NewSequentialFile::1)
[3556:22404:0424/120716.756:ERROR:device_event_log_impl.cc(196)] [12:07:16.728] USB: usb_service_win.cc:105 SetupDiGetDeviceProperty({{A45C254E-DF1C-4EFD-8020-67D146A850E0}, 6}) failed: No se ha encontrado el elemento. (0x490)
[3556:7088:0424/120716.769:WARNING:value_store_frontend.cc(47)] Reading mhjfbmdgcfjbbpaeojofohoefgiehjai.alarms from  failed: IO error: .../MANIFEST-000001: Unable to create sequential file (ChromeMethodBFE: 7::NewSequentialFile::1)
[21244:21028:0424/120724.741:WARNING:frame_impl.cc(430)] virtual CefFrameImpl::SendProcessMessage sent to detached frame 5-A38300CD325C0D7EAC3C2E0D079289AD will be ignored
[3556:18156:0424/120813.026:WARNING:leveldb_database.cc(141)] Unable to open C:\Users\Eric\Documents\GitHub\Woolheaven-3d\Woolheaven_3d\Saved\webcache_6613\Default\GCM Store\Encryption: IO error: C:\Users\Eric\Documents\GitHub\Woolheaven-3d\Woolheaven_3d\Saved\webcache_6613\Default\GCM Store\Encryption/MANIFEST-000001: Unable to create sequential file (ChromeMethodBFE: 7::NewSequentialFile::1)
[3556:22404:0424/132722.845:ERROR:device_event_log_impl.cc(196)] [13:27:22.830] USB: usb_service_win.cc:105 SetupDiGetDeviceProperty({{A45C254E-DF1C-4EFD-8020-67D146A850E0}, 6}) failed: No se ha encontrado el elemento. (0x490)
[21044:2388:0424/151438.177:WARNING:frame_impl.cc(430)] virtual CefFrameImpl::SendProcessMessage sent to detached frame 7-40EF80742C740A5C8E75C020E1FB352B will be ignored
[2512:23412:0424/151936.707:WARNING:frame_impl.cc(430)] virtual CefFrameImpl::SendProcessMessage sent to detached frame B-E54C6B6F729D0BF61A5243000635B730 will be ignored
[3556:22404:0424/153958.918:WARNING:pref_notifier_impl.cc(41)] Pref observer for media_router.cast_allow_all_ips found at shutdown.
