[17696:10164:0424/084337.624:WARNING:chrome_main_delegate.cc(745)] This is Chrome version 128.0.6613.138 (not a warning)
[17696:21056:0424/084337.675:ERROR:google_update_settings.cc(265)] Failed opening key Software\Chromium to set usagestats; result: 5
[17696:10164:0424/084337.710:WARNING:account_consistency_mode_manager.cc(77)] Desktop Identity Consistency cannot be enabled as no OAuth client ID and client secret have been configured.
[17696:10164:0424/084341.210:WARNING:external_registry_loader_win.cc(232)] Error observing HKLM: 5
[14048:4696:0424/084342.093:WARNING:frame_impl.cc(430)] virtual CefFrameImpl::SendProcessMessage sent to detached frame 5-79D14EDC95844C65CE226DE576D352F9 will be ignored
[17696:12056:0424/084342.559:WARNING:browser_info.cc(345)] Returning a speculative frame for [7,9]
[17696:10164:0424/084342.666:WARNING:browser_info.cc(345)] Returning a speculative frame for [8,9]
[17696:10164:0424/084342.666:WARNING:browser_info.cc(345)] Returning a speculative frame for [8,9]
[17696:10164:0424/084342.666:WARNING:browser_info.cc(345)] Returning a speculative frame for [8,9]
[17696:10164:0424/084342.667:WARNING:browser_info.cc(345)] Returning a speculative frame for [8,9]
[17696:12056:0424/084342.672:WARNING:browser_info.cc(345)] Returning a speculative frame for [8,9]
[14944:17544:0424/084550.807:WARNING:frame_impl.cc(430)] virtual CefFrameImpl::SendProcessMessage sent to detached frame 6-72E925B8780A168F0BAA737473E70E80 will be ignored
[14068:5876:0424/084550.877:ERROR:shared_image_manager.cc(224)] SharedImageManager::ProduceSkia: Trying to Produce a Skia representation from a non-existent mailbox.
[21360:20712:0424/092146.646:WARNING:frame_impl.cc(430)] virtual CefFrameImpl::SendProcessMessage sent to detached frame C-15248FDF3ABBF391463C93FA7678034A will be ignored
[18360:9264:0424/092746.506:WARNING:frame_impl.cc(430)] virtual CefFrameImpl::SendProcessMessage sent to detached frame D-86A3A6C7CFAC7837626DD19ECFC66941 will be ignored
[14068:5876:0424/092746.879:ERROR:shared_image_manager.cc(224)] SharedImageManager::ProduceSkia: Trying to Produce a Skia representation from a non-existent mailbox.
[14068:5876:0424/092746.879:ERROR:shared_image_manager.cc(224)] SharedImageManager::ProduceSkia: Trying to Produce a Skia representation from a non-existent mailbox.
[14068:5876:0424/092746.883:ERROR:shared_image_manager.cc(224)] SharedImageManager::ProduceSkia: Trying to Produce a Skia representation from a non-existent mailbox.
[14068:5876:0424/092746.885:ERROR:shared_image_manager.cc(224)] SharedImageManager::ProduceSkia: Trying to Produce a Skia representation from a non-existent mailbox.
[14068:5876:0424/092746.886:ERROR:shared_image_manager.cc(224)] SharedImageManager::ProduceSkia: Trying to Produce a Skia representation from a non-existent mailbox.
[14068:5876:0424/092746.887:ERROR:shared_image_manager.cc(224)] SharedImageManager::ProduceSkia: Trying to Produce a Skia representation from a non-existent mailbox.
[14068:5876:0424/092746.888:ERROR:shared_image_manager.cc(224)] SharedImageManager::ProduceSkia: Trying to Produce a Skia representation from a non-existent mailbox.
[14068:5876:0424/092746.889:ERROR:shared_image_manager.cc(224)] SharedImageManager::ProduceSkia: Trying to Produce a Skia representation from a non-existent mailbox.
[14068:5876:0424/092746.889:ERROR:shared_image_manager.cc(224)] SharedImageManager::ProduceSkia: Trying to Produce a Skia representation from a non-existent mailbox.
[20096:22476:0424/092749.006:WARNING:frame_impl.cc(430)] virtual CefFrameImpl::SendProcessMessage sent to detached frame E-4E843D3526E4EB0178C122AF9E81015C will be ignored
[20096:22476:0424/092749.006:WARNING:frame_impl.cc(430)] virtual CefFrameImpl::SendProcessMessage sent to detached frame E-4E843D3526E4EB0178C122AF9E81015C will be ignored
[17696:10164:0424/095008.393:WARNING:page_discarding_helper.cc(138)] Discarding multiple pages with target (kb): 0
[17696:10164:0424/095013.393:WARNING:page_discarding_helper.cc(138)] Discarding multiple pages with target (kb): 0
[17696:10164:0424/095018.393:WARNING:page_discarding_helper.cc(138)] Discarding multiple pages with target (kb): 0
[17696:10164:0424/095023.393:WARNING:page_discarding_helper.cc(138)] Discarding multiple pages with target (kb): 0
[17696:10164:0424/095028.395:WARNING:page_discarding_helper.cc(138)] Discarding multiple pages with target (kb): 0
[17696:10164:0424/095033.395:WARNING:page_discarding_helper.cc(138)] Discarding multiple pages with target (kb): 0
[17696:10164:0424/095038.395:WARNING:page_discarding_helper.cc(138)] Discarding multiple pages with target (kb): 0
[17696:10164:0424/095043.405:WARNING:page_discarding_helper.cc(138)] Discarding multiple pages with target (kb): 0
[17696:10164:0424/095048.406:WARNING:page_discarding_helper.cc(138)] Discarding multiple pages with target (kb): 0
[17696:10164:0424/095053.406:WARNING:page_discarding_helper.cc(138)] Discarding multiple pages with target (kb): 0
[17696:10164:0424/095058.406:WARNING:page_discarding_helper.cc(138)] Discarding multiple pages with target (kb): 0
[17696:10164:0424/095103.406:WARNING:page_discarding_helper.cc(138)] Discarding multiple pages with target (kb): 0
[17696:10164:0424/095108.406:WARNING:page_discarding_helper.cc(138)] Discarding multiple pages with target (kb): 0
[17696:10164:0424/095113.406:WARNING:page_discarding_helper.cc(138)] Discarding multiple pages with target (kb): 0
[17696:10164:0424/095118.406:WARNING:page_discarding_helper.cc(138)] Discarding multiple pages with target (kb): 0
[17696:10164:0424/095123.408:WARNING:page_discarding_helper.cc(138)] Discarding multiple pages with target (kb): 0
[17696:10164:0424/095128.408:WARNING:page_discarding_helper.cc(138)] Discarding multiple pages with target (kb): 0
[17696:10164:0424/095133.416:WARNING:page_discarding_helper.cc(138)] Discarding multiple pages with target (kb): 0
[17696:10164:0424/095138.417:WARNING:page_discarding_helper.cc(138)] Discarding multiple pages with target (kb): 0
[17696:10164:0424/095143.416:WARNING:page_discarding_helper.cc(138)] Discarding multiple pages with target (kb): 0
[17696:10164:0424/095148.416:WARNING:page_discarding_helper.cc(138)] Discarding multiple pages with target (kb): 0
[17696:10164:0424/095153.417:WARNING:page_discarding_helper.cc(138)] Discarding multiple pages with target (kb): 0
[17696:10164:0424/095158.420:WARNING:page_discarding_helper.cc(138)] Discarding multiple pages with target (kb): 0
[17696:10164:0424/095203.420:WARNING:page_discarding_helper.cc(138)] Discarding multiple pages with target (kb): 0
[17696:10164:0424/095208.421:WARNING:page_discarding_helper.cc(138)] Discarding multiple pages with target (kb): 0
[17696:10164:0424/095213.427:WARNING:page_discarding_helper.cc(138)] Discarding multiple pages with target (kb): 0
[17696:10164:0424/095218.426:WARNING:page_discarding_helper.cc(138)] Discarding multiple pages with target (kb): 0
[17696:10164:0424/095223.428:WARNING:page_discarding_helper.cc(138)] Discarding multiple pages with target (kb): 0
[17696:10164:0424/095228.430:WARNING:page_discarding_helper.cc(138)] Discarding multiple pages with target (kb): 0
[17696:10164:0424/095233.431:WARNING:page_discarding_helper.cc(138)] Discarding multiple pages with target (kb): 0
[17696:10164:0424/095238.434:WARNING:page_discarding_helper.cc(138)] Discarding multiple pages with target (kb): 0
[17696:10164:0424/095243.434:WARNING:page_discarding_helper.cc(138)] Discarding multiple pages with target (kb): 0
[17696:10164:0424/095248.434:WARNING:page_discarding_helper.cc(138)] Discarding multiple pages with target (kb): 0
[17696:10164:0424/095253.438:WARNING:page_discarding_helper.cc(138)] Discarding multiple pages with target (kb): 0
[17696:10164:0424/095258.445:WARNING:page_discarding_helper.cc(138)] Discarding multiple pages with target (kb): 0
[17696:10164:0424/095303.444:WARNING:page_discarding_helper.cc(138)] Discarding multiple pages with target (kb): 0
[17696:10164:0424/095308.444:WARNING:page_discarding_helper.cc(138)] Discarding multiple pages with target (kb): 0
[17696:10164:0424/095313.446:WARNING:page_discarding_helper.cc(138)] Discarding multiple pages with target (kb): 0
[17696:10164:0424/095318.446:WARNING:page_discarding_helper.cc(138)] Discarding multiple pages with target (kb): 0
[17696:10164:0424/095323.454:WARNING:page_discarding_helper.cc(138)] Discarding multiple pages with target (kb): 0
[17696:10164:0424/095328.454:WARNING:page_discarding_helper.cc(138)] Discarding multiple pages with target (kb): 0
[17696:10164:0424/095333.455:WARNING:page_discarding_helper.cc(138)] Discarding multiple pages with target (kb): 0
[17696:10164:0424/095338.454:WARNING:page_discarding_helper.cc(138)] Discarding multiple pages with target (kb): 0
[17696:10164:0424/095343.455:WARNING:page_discarding_helper.cc(138)] Discarding multiple pages with target (kb): 0
[17696:10164:0424/095348.457:WARNING:page_discarding_helper.cc(138)] Discarding multiple pages with target (kb): 0
[17696:10164:0424/095353.456:WARNING:page_discarding_helper.cc(138)] Discarding multiple pages with target (kb): 0
[17696:10164:0424/095358.456:WARNING:page_discarding_helper.cc(138)] Discarding multiple pages with target (kb): 0
[17696:10164:0424/095403.457:WARNING:page_discarding_helper.cc(138)] Discarding multiple pages with target (kb): 0
[17696:10164:0424/095408.457:WARNING:page_discarding_helper.cc(138)] Discarding multiple pages with target (kb): 0
[17696:10164:0424/095413.460:WARNING:page_discarding_helper.cc(138)] Discarding multiple pages with target (kb): 0
[17696:10164:0424/095418.466:WARNING:page_discarding_helper.cc(138)] Discarding multiple pages with target (kb): 0
[17696:10164:0424/095423.466:WARNING:page_discarding_helper.cc(138)] Discarding multiple pages with target (kb): 0
[17696:10164:0424/095428.466:WARNING:page_discarding_helper.cc(138)] Discarding multiple pages with target (kb): 0
[17696:10164:0424/095433.467:WARNING:page_discarding_helper.cc(138)] Discarding multiple pages with target (kb): 0
[17696:10164:0424/095438.467:WARNING:page_discarding_helper.cc(138)] Discarding multiple pages with target (kb): 0
[17696:10164:0424/095443.471:WARNING:page_discarding_helper.cc(138)] Discarding multiple pages with target (kb): 0
[17696:10164:0424/095448.471:WARNING:page_discarding_helper.cc(138)] Discarding multiple pages with target (kb): 0
[17696:10164:0424/095453.470:WARNING:page_discarding_helper.cc(138)] Discarding multiple pages with target (kb): 0
[17696:10164:0424/095458.472:WARNING:page_discarding_helper.cc(138)] Discarding multiple pages with target (kb): 0
[17696:10164:0424/095503.473:WARNING:page_discarding_helper.cc(138)] Discarding multiple pages with target (kb): 0
[17696:10164:0424/095508.478:WARNING:page_discarding_helper.cc(138)] Discarding multiple pages with target (kb): 0
[17696:10164:0424/095513.479:WARNING:page_discarding_helper.cc(138)] Discarding multiple pages with target (kb): 0
[17696:10164:0424/095518.478:WARNING:page_discarding_helper.cc(138)] Discarding multiple pages with target (kb): 0
[17696:10164:0424/095523.480:WARNING:page_discarding_helper.cc(138)] Discarding multiple pages with target (kb): 0
[17696:10164:0424/095528.483:WARNING:page_discarding_helper.cc(138)] Discarding multiple pages with target (kb): 0
[17696:10164:0424/095533.483:WARNING:page_discarding_helper.cc(138)] Discarding multiple pages with target (kb): 0
[17696:10164:0424/095538.483:WARNING:page_discarding_helper.cc(138)] Discarding multiple pages with target (kb): 0
[17696:10164:0424/095543.486:WARNING:page_discarding_helper.cc(138)] Discarding multiple pages with target (kb): 0
[17696:10164:0424/095548.491:WARNING:page_discarding_helper.cc(138)] Discarding multiple pages with target (kb): 0
[17696:10164:0424/095553.490:WARNING:page_discarding_helper.cc(138)] Discarding multiple pages with target (kb): 0
[17696:10164:0424/095558.490:WARNING:page_discarding_helper.cc(138)] Discarding multiple pages with target (kb): 0
[17696:10164:0424/095603.490:WARNING:page_discarding_helper.cc(138)] Discarding multiple pages with target (kb): 0
[17696:10164:0424/095608.493:WARNING:page_discarding_helper.cc(138)] Discarding multiple pages with target (kb): 0
[17696:10164:0424/095613.492:WARNING:page_discarding_helper.cc(138)] Discarding multiple pages with target (kb): 0
[17696:10164:0424/095618.496:WARNING:page_discarding_helper.cc(138)] Discarding multiple pages with target (kb): 0
[17696:10164:0424/095623.496:WARNING:page_discarding_helper.cc(138)] Discarding multiple pages with target (kb): 0
[17696:10164:0424/095628.496:WARNING:page_discarding_helper.cc(138)] Discarding multiple pages with target (kb): 0
[17696:10164:0424/095633.503:WARNING:page_discarding_helper.cc(138)] Discarding multiple pages with target (kb): 0
[17696:10164:0424/095638.504:WARNING:page_discarding_helper.cc(138)] Discarding multiple pages with target (kb): 0
[17696:10164:0424/095643.504:WARNING:page_discarding_helper.cc(138)] Discarding multiple pages with target (kb): 0
[17696:10164:0424/095648.504:WARNING:page_discarding_helper.cc(138)] Discarding multiple pages with target (kb): 0
[17696:10164:0424/095653.505:WARNING:page_discarding_helper.cc(138)] Discarding multiple pages with target (kb): 0
[17696:10164:0424/095658.507:WARNING:page_discarding_helper.cc(138)] Discarding multiple pages with target (kb): 0
[17696:10164:0424/095703.507:WARNING:page_discarding_helper.cc(138)] Discarding multiple pages with target (kb): 0
[17696:10164:0424/095708.507:WARNING:page_discarding_helper.cc(138)] Discarding multiple pages with target (kb): 0
[17696:10164:0424/095713.514:WARNING:page_discarding_helper.cc(138)] Discarding multiple pages with target (kb): 0
[17696:10164:0424/095718.515:WARNING:page_discarding_helper.cc(138)] Discarding multiple pages with target (kb): 0
[17696:10164:0424/095723.561:WARNING:page_discarding_helper.cc(138)] Discarding multiple pages with target (kb): 0
[17696:10164:0424/095728.847:WARNING:page_discarding_helper.cc(138)] Discarding multiple pages with target (kb): 0
[17696:10164:0424/095733.849:WARNING:page_discarding_helper.cc(138)] Discarding multiple pages with target (kb): 0
[17696:10164:0424/095738.855:WARNING:page_discarding_helper.cc(138)] Discarding multiple pages with target (kb): 0
[17696:10164:0424/095743.859:WARNING:page_discarding_helper.cc(138)] Discarding multiple pages with target (kb): 0
[17696:10164:0424/095748.882:WARNING:page_discarding_helper.cc(138)] Discarding multiple pages with target (kb): 0
[17696:10164:0424/095812.637:WARNING:page_discarding_helper.cc(138)] Discarding multiple pages with target (kb): 0
[17696:10164:0424/095904.263:WARNING:page_discarding_helper.cc(138)] Discarding multiple pages with target (kb): 0
[17696:10164:0424/095909.267:WARNING:page_discarding_helper.cc(138)] Discarding multiple pages with target (kb): 0
[17696:10164:0424/095914.267:WARNING:page_discarding_helper.cc(138)] Discarding multiple pages with target (kb): 0
[17696:10164:0424/100425.153:WARNING:pref_notifier_impl.cc(41)] Pref observer for media_router.cast_allow_all_ips found at shutdown.
